// Jest Snapshot v1, https://goo.gl/fbAQLP

exports[`Login render test 1`] = `
<div
  className="container"
>
  <LoginForm />
</div>
`;
