// Jest Snapshot v1, https://goo.gl/fbAQLP

exports[`Overview render test 1`] = `
<div
  className="container"
>
  <h1>
    Overview
  </h1>
  <p>
    Under Construction...
  </p>
</div>
`;
